<html>
<body>
<pre>
<h1>µVision Build Log</h1>
<h2>Project:</h2>
C:\Users\DELL\Desktop\Avance 1.5- Maestro\ComunicacionMaestro.uvproj
Project File Date:  11/22/2022

<h2>Output:</h2>
Build target 'Target 1'
linking...
Program Size: Code=3604 RO-data=3032 RW-data=12 ZI-data=1532  
".\ComunicacionMaestro.axf" - 0 Error(s), 0 Warning(s).
Load "C:\\Users\\DELL\\Desktop\\Avance 1.5- Maestro\\ComunicacionMaestro.axf" 
Connecting: Mode=JTAG, Speed=1000000Hz
Erase Done.
Programming Done.
Verify OK.
t_x, result_y, previous = 0;
comunicaciones maestro.c(356): warning:  #177-D: variable "str" was declared but never referenced
    char str[32];
comunicaciones maestro.c(415): warning:  #1-D: last line of file ends without a newline
  }     
comunicaciones maestro.c(336): warning:  #177-D: variable "resultado1" was declared but never referenced
        uint32_t resultado1;
comunicaciones maestro.c: 5 warnings, 0 errors
linking...
Program Size: Code=3604 RO-data=3032 RW-data=12 ZI-data=1532  
".\ComunicacionMaestro.axf" - 0 Error(s), 5 Warning(s).
