ARM Linker, 5.03 [Build 76] [MDK-ARM Lite]

==============================================================================

Section Cross References

    comunicaciones.o(i.SysTick_Handler) refers to comunicaciones.o(.data) for contActualizarPantalla
    comunicaciones.o(i.genera_secuencia) refers to comunicaciones.o(i.mov_joystick) for mov_joystick
    comunicaciones.o(i.genera_secuencia) refers to comunicaciones.o(.data) for mov
    comunicaciones.o(i.main) refers to nokia5110.o(i.Nokia5110_Init) for Nokia5110_Init
    comunicaciones.o(i.main) refers to nokia5110.o(i.Nokia5110_ClearBuffer) for Nokia5110_ClearBuffer
    comunicaciones.o(i.main) refers to comunicaciones.o(i.config_portF) for config_portF
    comunicaciones.o(i.main) refers to comunicaciones.o(i.ConfiguraSysTick) for ConfiguraSysTick
    comunicaciones.o(i.main) refers to comunicaciones.o(i.ConfigUART0) for ConfigUART0
    comunicaciones.o(i.main) refers to comunicaciones.o(i.ConfigUART2) for ConfigUART2
    comunicaciones.o(i.main) refers to nokia5110.o(i.Nokia5110_DrawFullImage) for Nokia5110_DrawFullImage
    comunicaciones.o(i.main) refers to comunicaciones.o(i.RxCarBLUETOOH) for RxCarBLUETOOH
    comunicaciones.o(i.main) refers to comunicaciones.o(.constdata) for tablaBienvenida
    comunicaciones.o(i.mov_joystick) refers to comunicaciones.o(i.RxCarBLUETOOH) for RxCarBLUETOOH
    comunicaciones.o(i.mov_joystick) refers to nokia5110.o(i.Nokia5110_DrawFullImage) for Nokia5110_DrawFullImage
    comunicaciones.o(i.mov_joystick) refers to comunicaciones.o(i.TxCarNOKIA) for TxCarNOKIA
    comunicaciones.o(i.mov_joystick) refers to comunicaciones.o(.constdata) for tabla1
    comunicaciones.o(i.mov_joystick) refers to comunicaciones.o(.data) for mov
    nokia5110.o(i.Nokia5110_Clear) refers to nokia5110.o(i.lcdwrite) for lcdwrite
    nokia5110.o(i.Nokia5110_Clear) refers to nokia5110.o(i.Nokia5110_SetCursor) for Nokia5110_SetCursor
    nokia5110.o(i.Nokia5110_ClearBuffer) refers to nokia5110.o(.bss) for Screen
    nokia5110.o(i.Nokia5110_DisplayBuffer) refers to nokia5110.o(i.Nokia5110_DrawFullImage) for Nokia5110_DrawFullImage
    nokia5110.o(i.Nokia5110_DisplayBuffer) refers to nokia5110.o(.bss) for Screen
    nokia5110.o(i.Nokia5110_DrawFullImage) refers to nokia5110.o(i.Nokia5110_SetCursor) for Nokia5110_SetCursor
    nokia5110.o(i.Nokia5110_DrawFullImage) refers to nokia5110.o(i.lcdwrite) for lcdwrite
    nokia5110.o(i.Nokia5110_Init) refers to nokia5110.o(i.lcdwrite) for lcdwrite
    nokia5110.o(i.Nokia5110_OutChar) refers to nokia5110.o(i.lcdwrite) for lcdwrite
    nokia5110.o(i.Nokia5110_OutChar) refers to nokia5110.o(.constdata) for ASCII
    nokia5110.o(i.Nokia5110_OutChar2) refers to nokia5110.o(i.lcdwrite) for lcdwrite
    nokia5110.o(i.Nokia5110_OutChar2) refers to nokia5110.o(.constdata) for ASCII
    nokia5110.o(i.Nokia5110_OutString) refers to nokia5110.o(i.Nokia5110_OutChar) for Nokia5110_OutChar
    nokia5110.o(i.Nokia5110_OutUDec) refers to nokia5110.o(i.Nokia5110_OutString) for Nokia5110_OutString
    nokia5110.o(i.Nokia5110_OutUDec) refers to nokia5110.o(i.Nokia5110_OutChar) for Nokia5110_OutChar
    nokia5110.o(i.Nokia5110_PrintBMP) refers to nokia5110.o(.bss) for Screen
    nokia5110.o(i.Nokia5110_SetCursor) refers to nokia5110.o(i.lcdwrite) for lcdwrite
    nokia5110.o(i.Nokia5110_SetCursorChar) refers to nokia5110.o(i.lcdwrite) for lcdwrite
    nokia5110.o(i.Nokia5110_SetCursorChar) refers to nokia5110.o(i.Nokia5110_OutChar) for Nokia5110_OutChar
    nokia5110.o(i.Nokia5110_SetCursorChar) refers to nokia5110.o(i.Nokia5110_OutChar2) for Nokia5110_OutChar2
    startup.o(RESET) refers to startup.o(STACK) for StackMem
    startup.o(RESET) refers to comunicaciones.o(i.SysTick_Handler) for SysTick_Handler
    startup.o(RESET) refers to entry.o(.ARM.Collect$$$$00000000) for __main
    entry.o(.ARM.Collect$$$$00000000) refers (Special) to entry10a.o(.ARM.Collect$$$$0000000D) for __rt_final_cpp
    entry.o(.ARM.Collect$$$$00000000) refers (Special) to entry11a.o(.ARM.Collect$$$$0000000F) for __rt_final_exit
    entry.o(.ARM.Collect$$$$00000000) refers (Special) to entry7b.o(.ARM.Collect$$$$00000008) for _main_clock
    entry.o(.ARM.Collect$$$$00000000) refers (Special) to entry8b.o(.ARM.Collect$$$$0000000A) for _main_cpp_init
    entry.o(.ARM.Collect$$$$00000000) refers (Special) to entry9a.o(.ARM.Collect$$$$0000000B) for _main_init
    entry.o(.ARM.Collect$$$$00000000) refers (Special) to entry5.o(.ARM.Collect$$$$00000004) for _main_scatterload
    entry.o(.ARM.Collect$$$$00000000) refers (Special) to entry2.o(.ARM.Collect$$$$00000001) for _main_stk
    entry2.o(.ARM.Collect$$$$00000001) refers to entry2.o(.ARM.Collect$$$$00002712) for __lit__00000000
    entry2.o(.ARM.Collect$$$$00002712) refers to startup.o(STACK) for __initial_sp
    entry2.o(__vectab_stack_and_reset_area) refers to startup.o(STACK) for __initial_sp
    entry2.o(__vectab_stack_and_reset_area) refers to entry.o(.ARM.Collect$$$$00000000) for __main
    entry5.o(.ARM.Collect$$$$00000004) refers to init.o(.text) for __scatterload
    entry9a.o(.ARM.Collect$$$$0000000B) refers to comunicaciones.o(i.main) for main
    entry9b.o(.ARM.Collect$$$$0000000C) refers to comunicaciones.o(i.main) for main
    init.o(.text) refers to entry5.o(.ARM.Collect$$$$00000004) for __main_after_scatterload


==============================================================================

Removing Unused input sections from the image.

    Removing comunicaciones.o(i.RxCarNOKIA), (24 bytes).
    Removing comunicaciones.o(i.TxCarBLUETOOH), (24 bytes).
    Removing comunicaciones.o(i.TxCarNOKIA), (24 bytes).
    Removing comunicaciones.o(i.evalua_altura), (2 bytes).
    Removing comunicaciones.o(i.genera_secuencia), (36 bytes).
    Removing comunicaciones.o(i.mov_joystick), (128 bytes).
    Removing comunicaciones.o(i.muestra_secuencia), (12 bytes).
    Removing comunicaciones.o(i.setupADC), (216 bytes).
    Removing nokia5110.o(i.Nokia5110_Clear), (32 bytes).
    Removing nokia5110.o(i.Nokia5110_DisplayBuffer), (16 bytes).
    Removing nokia5110.o(i.Nokia5110_OutChar), (64 bytes).
    Removing nokia5110.o(i.Nokia5110_OutChar2), (88 bytes).
    Removing nokia5110.o(i.Nokia5110_OutString), (22 bytes).
    Removing nokia5110.o(i.Nokia5110_OutUDec), (412 bytes).
    Removing nokia5110.o(i.Nokia5110_PrintBMP), (424 bytes).
    Removing nokia5110.o(i.Nokia5110_SetCursorChar), (104 bytes).
    Removing nokia5110.o(.constdata), (480 bytes).
    Removing startup.o(HEAP), (0 bytes).
    Removing startup.o(.text), (28 bytes).

19 unused section(s) (total 2136 bytes) removed from the image.

==============================================================================

Image Symbol Table

    Local Symbols

    Symbol Name                              Value     Ov Type        Size  Object(Section)

    RESET                                    0x00000000   Section      644  startup.o(RESET)
    ../clib/microlib/init/entry.s            0x00000000   Number         0  entry11b.o ABSOLUTE
    ../clib/microlib/init/entry.s            0x00000000   Number         0  entry5.o ABSOLUTE
    ../clib/microlib/init/entry.s            0x00000000   Number         0  entry7b.o ABSOLUTE
    ../clib/microlib/init/entry.s            0x00000000   Number         0  entry8a.o ABSOLUTE
    ../clib/microlib/init/entry.s            0x00000000   Number         0  entry8b.o ABSOLUTE
    ../clib/microlib/init/entry.s            0x00000000   Number         0  entry9a.o ABSOLUTE
    ../clib/microlib/init/entry.s            0x00000000   Number         0  entry7a.o ABSOLUTE
    ../clib/microlib/init/entry.s            0x00000000   Number         0  entry9b.o ABSOLUTE
    ../clib/microlib/init/entry.s            0x00000000   Number         0  entry2.o ABSOLUTE
    ../clib/microlib/init/entry.s            0x00000000   Number         0  entry10a.o ABSOLUTE
    ../clib/microlib/init/entry.s            0x00000000   Number         0  entry.o ABSOLUTE
    ../clib/microlib/init/entry.s            0x00000000   Number         0  entry10b.o ABSOLUTE
    ../clib/microlib/init/entry.s            0x00000000   Number         0  entry11a.o ABSOLUTE
    Nokia5110.c                              0x00000000   Number         0  nokia5110.o ABSOLUTE
    comunicaciones.c                         0x00000000   Number         0  comunicaciones.o ABSOLUTE
    dc.s                                     0x00000000   Number         0  dc.o ABSOLUTE
    handlers.s                               0x00000000   Number         0  handlers.o ABSOLUTE
    init.s                                   0x00000000   Number         0  init.o ABSOLUTE
    startup.s                                0x00000000   Number         0  startup.o ABSOLUTE
    .ARM.Collect$$$$00000000                 0x00000284   Section        0  entry.o(.ARM.Collect$$$$00000000)
    .ARM.Collect$$$$00000001                 0x00000284   Section        4  entry2.o(.ARM.Collect$$$$00000001)
    .ARM.Collect$$$$00000004                 0x00000288   Section        4  entry5.o(.ARM.Collect$$$$00000004)
    .ARM.Collect$$$$00000008                 0x0000028c   Section        0  entry7b.o(.ARM.Collect$$$$00000008)
    .ARM.Collect$$$$0000000A                 0x0000028c   Section        0  entry8b.o(.ARM.Collect$$$$0000000A)
    .ARM.Collect$$$$0000000B                 0x0000028c   Section        8  entry9a.o(.ARM.Collect$$$$0000000B)
    .ARM.Collect$$$$0000000D                 0x00000294   Section        0  entry10a.o(.ARM.Collect$$$$0000000D)
    .ARM.Collect$$$$0000000F                 0x00000294   Section        0  entry11a.o(.ARM.Collect$$$$0000000F)
    .ARM.Collect$$$$00002712                 0x00000294   Section        4  entry2.o(.ARM.Collect$$$$00002712)
    __lit__00000000                          0x00000294   Data           4  entry2.o(.ARM.Collect$$$$00002712)
    .text                                    0x00000298   Section       36  init.o(.text)
    i.ConfigUART0                            0x000002bc   Section        0  comunicaciones.o(i.ConfigUART0)
    i.ConfigUART2                            0x00000384   Section        0  comunicaciones.o(i.ConfigUART2)
    i.ConfiguraSysTick                       0x0000047c   Section        0  comunicaciones.o(i.ConfiguraSysTick)
    i.Nokia5110_ClearBuffer                  0x000004b8   Section        0  nokia5110.o(i.Nokia5110_ClearBuffer)
    i.Nokia5110_DrawFullImage                0x000004d0   Section        0  nokia5110.o(i.Nokia5110_DrawFullImage)
    i.Nokia5110_Init                         0x000004f4   Section        0  nokia5110.o(i.Nokia5110_Init)
    i.Nokia5110_SetCursor                    0x00000674   Section        0  nokia5110.o(i.Nokia5110_SetCursor)
    i.RxCarBLUETOOH                          0x000006a4   Section        0  comunicaciones.o(i.RxCarBLUETOOH)
    i.SysTick_Handler                        0x000006bc   Section        0  comunicaciones.o(i.SysTick_Handler)
    i.__scatterload_copy                     0x000006e0   Section       14  handlers.o(i.__scatterload_copy)
    i.__scatterload_null                     0x000006ee   Section        2  handlers.o(i.__scatterload_null)
    i.__scatterload_zeroinit                 0x000006f0   Section       14  handlers.o(i.__scatterload_zeroinit)
    i.config_portF                           0x00000700   Section        0  comunicaciones.o(i.config_portF)
    i.lcdwrite                               0x00000754   Section        0  nokia5110.o(i.lcdwrite)
    lcdwrite                                 0x00000755   Thumb Code    66  nokia5110.o(i.lcdwrite)
    i.main                                   0x000007a0   Section        0  comunicaciones.o(i.main)
    .constdata                               0x0000081c   Section     3000  comunicaciones.o(.constdata)
    ASCII                                    0x0000081c   Data         480  comunicaciones.o(.constdata)
    .data                                    0x20000000   Section        7  comunicaciones.o(.data)
    .bss                                     0x20000008   Section      504  nokia5110.o(.bss)
    STACK                                    0x20000200   Section     1024  startup.o(STACK)
    StackMem                                 0x20000200   Data           0  startup.o(STACK)

    Global Symbols

    Symbol Name                              Value     Ov Type        Size  Object(Section)

    BuildAttributes$$THM_ISAv4$E$P$D$K$B$S$7EM$PE$A:L22UL41UL21$X:L11$S22US41US21$IEEE1$IW$USESV6$~STKCKD$USESV7$~SHL$OSPACE$EBA8$MICROLIB$REQ8$PRES8$EABIv2 0x00000000   Number         0  anon$$obj.o ABSOLUTE
    __ARM_use_no_argv                        0x00000000   Number         0  comunicaciones.o ABSOLUTE
    __Vectors                                0x00000000   Data           0  startup.o(RESET)
    __cpp_initialize__aeabi_                  - Undefined Weak Reference
    __cxa_finalize                            - Undefined Weak Reference
    __decompress                              - Undefined Weak Reference
    _clock_init                               - Undefined Weak Reference
    _microlib_exit                            - Undefined Weak Reference
    Reset_Handler                            0x0000026d   Thumb Code     0  startup.o(RESET)
    NMI_Handler                              0x00000271   Thumb Code     2  startup.o(RESET)
    HardFault_Handler                        0x00000273   Thumb Code     2  startup.o(RESET)
    MemManage_Handler                        0x00000275   Thumb Code     2  startup.o(RESET)
    BusFault_Handler                         0x00000277   Thumb Code     2  startup.o(RESET)
    UsageFault_Handler                       0x00000279   Thumb Code     2  startup.o(RESET)
    SVC_Handler                              0x0000027b   Thumb Code     2  startup.o(RESET)
    DebugMon_Handler                         0x0000027d   Thumb Code     2  startup.o(RESET)
    PendSV_Handler                           0x0000027f   Thumb Code     2  startup.o(RESET)
    ADC0Seq0_Handler                         0x00000283   Thumb Code     0  startup.o(RESET)
    ADC0Seq1_Handler                         0x00000283   Thumb Code     0  startup.o(RESET)
    ADC0Seq2_Handler                         0x00000283   Thumb Code     0  startup.o(RESET)
    ADC0Seq3_Handler                         0x00000283   Thumb Code     0  startup.o(RESET)
    ADC1Seq0_Handler                         0x00000283   Thumb Code     0  startup.o(RESET)
    ADC1Seq1_Handler                         0x00000283   Thumb Code     0  startup.o(RESET)
    ADC1Seq2_Handler                         0x00000283   Thumb Code     0  startup.o(RESET)
    ADC1Seq3_Handler                         0x00000283   Thumb Code     0  startup.o(RESET)
    CAN0_Handler                             0x00000283   Thumb Code     0  startup.o(RESET)
    CAN1_Handler                             0x00000283   Thumb Code     0  startup.o(RESET)
    CAN2_Handler                             0x00000283   Thumb Code     0  startup.o(RESET)
    Comp0_Handler                            0x00000283   Thumb Code     0  startup.o(RESET)
    Comp1_Handler                            0x00000283   Thumb Code     0  startup.o(RESET)
    Comp2_Handler                            0x00000283   Thumb Code     0  startup.o(RESET)
    Ethernet_Handler                         0x00000283   Thumb Code     0  startup.o(RESET)
    ExtBus_Handler                           0x00000283   Thumb Code     0  startup.o(RESET)
    FPU_Handler                              0x00000283   Thumb Code     0  startup.o(RESET)
    Fan0_Handler                             0x00000283   Thumb Code     0  startup.o(RESET)
    FlashCtl_Handler                         0x00000283   Thumb Code     0  startup.o(RESET)
    GPIOPortA_Handler                        0x00000283   Thumb Code     0  startup.o(RESET)
    GPIOPortB_Handler                        0x00000283   Thumb Code     0  startup.o(RESET)
    GPIOPortC_Handler                        0x00000283   Thumb Code     0  startup.o(RESET)
    GPIOPortD_Handler                        0x00000283   Thumb Code     0  startup.o(RESET)
    GPIOPortE_Handler                        0x00000283   Thumb Code     0  startup.o(RESET)
    GPIOPortF_Handler                        0x00000283   Thumb Code     0  startup.o(RESET)
    GPIOPortG_Handler                        0x00000283   Thumb Code     0  startup.o(RESET)
    GPIOPortH_Handler                        0x00000283   Thumb Code     0  startup.o(RESET)
    GPIOPortJ_Handler                        0x00000283   Thumb Code     0  startup.o(RESET)
    GPIOPortK_Handler                        0x00000283   Thumb Code     0  startup.o(RESET)
    GPIOPortL_Handler                        0x00000283   Thumb Code     0  startup.o(RESET)
    GPIOPortM_Handler                        0x00000283   Thumb Code     0  startup.o(RESET)
    GPIOPortN_Handler                        0x00000283   Thumb Code     0  startup.o(RESET)
    GPIOPortP1_Handler                       0x00000283   Thumb Code     0  startup.o(RESET)
    GPIOPortP2_Handler                       0x00000283   Thumb Code     0  startup.o(RESET)
    GPIOPortP3_Handler                       0x00000283   Thumb Code     0  startup.o(RESET)
    GPIOPortP4_Handler                       0x00000283   Thumb Code     0  startup.o(RESET)
    GPIOPortP5_Handler                       0x00000283   Thumb Code     0  startup.o(RESET)
    GPIOPortP6_Handler                       0x00000283   Thumb Code     0  startup.o(RESET)
    GPIOPortP7_Handler                       0x00000283   Thumb Code     0  startup.o(RESET)
    GPIOPortP_Handler                        0x00000283   Thumb Code     0  startup.o(RESET)
    GPIOPortQ1_Handler                       0x00000283   Thumb Code     0  startup.o(RESET)
    GPIOPortQ2_Handler                       0x00000283   Thumb Code     0  startup.o(RESET)
    GPIOPortQ3_Handler                       0x00000283   Thumb Code     0  startup.o(RESET)
    GPIOPortQ4_Handler                       0x00000283   Thumb Code     0  startup.o(RESET)
    GPIOPortQ5_Handler                       0x00000283   Thumb Code     0  startup.o(RESET)
    GPIOPortQ6_Handler                       0x00000283   Thumb Code     0  startup.o(RESET)
    GPIOPortQ7_Handler                       0x00000283   Thumb Code     0  startup.o(RESET)
    GPIOPortQ_Handler                        0x00000283   Thumb Code     0  startup.o(RESET)
    GPIOPortR_Handler                        0x00000283   Thumb Code     0  startup.o(RESET)
    GPIOPortS_Handler                        0x00000283   Thumb Code     0  startup.o(RESET)
    Hibernate_Handler                        0x00000283   Thumb Code     0  startup.o(RESET)
    I2C0_Handler                             0x00000283   Thumb Code     0  startup.o(RESET)
    I2C1_Handler                             0x00000283   Thumb Code     0  startup.o(RESET)
    I2C2_Handler                             0x00000283   Thumb Code     0  startup.o(RESET)
    I2C3_Handler                             0x00000283   Thumb Code     0  startup.o(RESET)
    I2C4_Handler                             0x00000283   Thumb Code     0  startup.o(RESET)
    I2C5_Handler                             0x00000283   Thumb Code     0  startup.o(RESET)
    I2S0_Handler                             0x00000283   Thumb Code     0  startup.o(RESET)
    LPC0_Handler                             0x00000283   Thumb Code     0  startup.o(RESET)
    PECI0_Handler                            0x00000283   Thumb Code     0  startup.o(RESET)
    PWM0Fault_Handler                        0x00000283   Thumb Code     0  startup.o(RESET)
    PWM0Generator0_Handler                   0x00000283   Thumb Code     0  startup.o(RESET)
    PWM0Generator1_Handler                   0x00000283   Thumb Code     0  startup.o(RESET)
    PWM0Generator2_Handler                   0x00000283   Thumb Code     0  startup.o(RESET)
    PWM0Generator3_Handler                   0x00000283   Thumb Code     0  startup.o(RESET)
    PWM1Fault_Handler                        0x00000283   Thumb Code     0  startup.o(RESET)
    PWM1Generator0_Handler                   0x00000283   Thumb Code     0  startup.o(RESET)
    PWM1Generator1_Handler                   0x00000283   Thumb Code     0  startup.o(RESET)
    PWM1Generator2_Handler                   0x00000283   Thumb Code     0  startup.o(RESET)
    PWM1Generator3_Handler                   0x00000283   Thumb Code     0  startup.o(RESET)
    Quadrature0_Handler                      0x00000283   Thumb Code     0  startup.o(RESET)
    Quadrature1_Handler                      0x00000283   Thumb Code     0  startup.o(RESET)
    Quadrature2_Handler                      0x00000283   Thumb Code     0  startup.o(RESET)
    SSI0_Handler                             0x00000283   Thumb Code     0  startup.o(RESET)
    SSI1_Handler                             0x00000283   Thumb Code     0  startup.o(RESET)
    SSI2_Handler                             0x00000283   Thumb Code     0  startup.o(RESET)
    SSI3_Handler                             0x00000283   Thumb Code     0  startup.o(RESET)
    SysCtl_Handler                           0x00000283   Thumb Code     0  startup.o(RESET)
    Timer0A_Handler                          0x00000283   Thumb Code     0  startup.o(RESET)
    Timer0B_Handler                          0x00000283   Thumb Code     0  startup.o(RESET)
    Timer1A_Handler                          0x00000283   Thumb Code     0  startup.o(RESET)
    Timer1B_Handler                          0x00000283   Thumb Code     0  startup.o(RESET)
    Timer2A_Handler                          0x00000283   Thumb Code     0  startup.o(RESET)
    Timer2B_Handler                          0x00000283   Thumb Code     0  startup.o(RESET)
    Timer3A_Handler                          0x00000283   Thumb Code     0  startup.o(RESET)
    Timer3B_Handler                          0x00000283   Thumb Code     0  startup.o(RESET)
    Timer4A_Handler                          0x00000283   Thumb Code     0  startup.o(RESET)
    Timer4B_Handler                          0x00000283   Thumb Code     0  startup.o(RESET)
    Timer5A_Handler                          0x00000283   Thumb Code     0  startup.o(RESET)
    Timer5B_Handler                          0x00000283   Thumb Code     0  startup.o(RESET)
    UART0_Handler                            0x00000283   Thumb Code     0  startup.o(RESET)
    UART1_Handler                            0x00000283   Thumb Code     0  startup.o(RESET)
    UART2_Handler                            0x00000283   Thumb Code     0  startup.o(RESET)
    UART3_Handler                            0x00000283   Thumb Code     0  startup.o(RESET)
    UART4_Handler                            0x00000283   Thumb Code     0  startup.o(RESET)
    UART5_Handler                            0x00000283   Thumb Code     0  startup.o(RESET)
    UART6_Handler                            0x00000283   Thumb Code     0  startup.o(RESET)
    UART7_Handler                            0x00000283   Thumb Code     0  startup.o(RESET)
    USB0_Handler                             0x00000283   Thumb Code     0  startup.o(RESET)
    WDT_Handler                              0x00000283   Thumb Code     0  startup.o(RESET)
    WideTimer0A_Handler                      0x00000283   Thumb Code     0  startup.o(RESET)
    WideTimer0B_Handler                      0x00000283   Thumb Code     0  startup.o(RESET)
    WideTimer1A_Handler                      0x00000283   Thumb Code     0  startup.o(RESET)
    WideTimer1B_Handler                      0x00000283   Thumb Code     0  startup.o(RESET)
    WideTimer2A_Handler                      0x00000283   Thumb Code     0  startup.o(RESET)
    WideTimer2B_Handler                      0x00000283   Thumb Code     0  startup.o(RESET)
    WideTimer3A_Handler                      0x00000283   Thumb Code     0  startup.o(RESET)
    WideTimer3B_Handler                      0x00000283   Thumb Code     0  startup.o(RESET)
    WideTimer4A_Handler                      0x00000283   Thumb Code     0  startup.o(RESET)
    WideTimer4B_Handler                      0x00000283   Thumb Code     0  startup.o(RESET)
    WideTimer5A_Handler                      0x00000283   Thumb Code     0  startup.o(RESET)
    WideTimer5B_Handler                      0x00000283   Thumb Code     0  startup.o(RESET)
    uDMA_Error                               0x00000283   Thumb Code     0  startup.o(RESET)
    uDMA_Handler                             0x00000283   Thumb Code     0  startup.o(RESET)
    __main                                   0x00000285   Thumb Code     0  entry.o(.ARM.Collect$$$$00000000)
    _main_stk                                0x00000285   Thumb Code     0  entry2.o(.ARM.Collect$$$$00000001)
    _main_scatterload                        0x00000289   Thumb Code     0  entry5.o(.ARM.Collect$$$$00000004)
    __main_after_scatterload                 0x0000028d   Thumb Code     0  entry5.o(.ARM.Collect$$$$00000004)
    _main_clock                              0x0000028d   Thumb Code     0  entry7b.o(.ARM.Collect$$$$00000008)
    _main_cpp_init                           0x0000028d   Thumb Code     0  entry8b.o(.ARM.Collect$$$$0000000A)
    _main_init                               0x0000028d   Thumb Code     0  entry9a.o(.ARM.Collect$$$$0000000B)
    __rt_final_cpp                           0x00000295   Thumb Code     0  entry10a.o(.ARM.Collect$$$$0000000D)
    __rt_final_exit                          0x00000295   Thumb Code     0  entry11a.o(.ARM.Collect$$$$0000000F)
    __scatterload                            0x00000299   Thumb Code    28  init.o(.text)
    __scatterload_rt2                        0x00000299   Thumb Code     0  init.o(.text)
    ConfigUART0                              0x000002bd   Thumb Code   184  comunicaciones.o(i.ConfigUART0)
    ConfigUART2                              0x00000385   Thumb Code   218  comunicaciones.o(i.ConfigUART2)
    ConfiguraSysTick                         0x0000047d   Thumb Code    58  comunicaciones.o(i.ConfiguraSysTick)
    Nokia5110_ClearBuffer                    0x000004b9   Thumb Code    20  nokia5110.o(i.Nokia5110_ClearBuffer)
    Nokia5110_DrawFullImage                  0x000004d1   Thumb Code    34  nokia5110.o(i.Nokia5110_DrawFullImage)
    Nokia5110_Init                           0x000004f5   Thumb Code   330  nokia5110.o(i.Nokia5110_Init)
    Nokia5110_SetCursor                      0x00000675   Thumb Code    48  nokia5110.o(i.Nokia5110_SetCursor)
    RxCarBLUETOOH                            0x000006a5   Thumb Code    20  comunicaciones.o(i.RxCarBLUETOOH)
    SysTick_Handler                          0x000006bd   Thumb Code    28  comunicaciones.o(i.SysTick_Handler)
    __scatterload_copy                       0x000006e1   Thumb Code    14  handlers.o(i.__scatterload_copy)
    __scatterload_null                       0x000006ef   Thumb Code     2  handlers.o(i.__scatterload_null)
    __scatterload_zeroinit                   0x000006f1   Thumb Code    14  handlers.o(i.__scatterload_zeroinit)
    config_portF                             0x00000701   Thumb Code    58  comunicaciones.o(i.config_portF)
    main                                     0x000007a1   Thumb Code   104  comunicaciones.o(i.main)
    tablaBienvenida                          0x000009fc   Data         504  comunicaciones.o(.constdata)
    tabla1                                   0x00000bf4   Data         504  comunicaciones.o(.constdata)
    tabla2                                   0x00000dec   Data         504  comunicaciones.o(.constdata)
    tabla3                                   0x00000fe4   Data         504  comunicaciones.o(.constdata)
    tabla4                                   0x000011dc   Data         504  comunicaciones.o(.constdata)
    Region$$Table$$Base                      0x000013d4   Number         0  anon$$obj.o(Region$$Table)
    Region$$Table$$Limit                     0x000013f4   Number         0  anon$$obj.o(Region$$Table)
    contActualizarPantalla                   0x20000000   Data           1  comunicaciones.o(.data)
    ActualizarPantalla                       0x20000001   Data           1  comunicaciones.o(.data)
    mov                                      0x20000002   Data           1  comunicaciones.o(.data)
    secuencia                                0x20000003   Data           4  comunicaciones.o(.data)
    Screen                                   0x20000008   Data         504  nokia5110.o(.bss)
    __initial_sp                             0x20000600   Data           0  startup.o(STACK)



==============================================================================

Memory Map of the image

  Image Entry point : 0x0000026d

  Load Region LR_1 (Base: 0x00000000, Size: 0x000013fc, Max: 0xffffffff, ABSOLUTE)

    Execution Region ER_RO (Base: 0x00000000, Size: 0x000013f4, Max: 0xffffffff, ABSOLUTE)

    Base Addr    Size         Type   Attr      Idx    E Section Name        Object

    0x00000000   0x00000284   Code   RO          201  * RESET               startup.o
    0x00000284   0x00000000   Code   RO          209  * .ARM.Collect$$$$00000000  mc_w.l(entry.o)
    0x00000284   0x00000004   Code   RO          212    .ARM.Collect$$$$00000001  mc_w.l(entry2.o)
    0x00000288   0x00000004   Code   RO          215    .ARM.Collect$$$$00000004  mc_w.l(entry5.o)
    0x0000028c   0x00000000   Code   RO          217    .ARM.Collect$$$$00000008  mc_w.l(entry7b.o)
    0x0000028c   0x00000000   Code   RO          219    .ARM.Collect$$$$0000000A  mc_w.l(entry8b.o)
    0x0000028c   0x00000008   Code   RO          220    .ARM.Collect$$$$0000000B  mc_w.l(entry9a.o)
    0x00000294   0x00000000   Code   RO          222    .ARM.Collect$$$$0000000D  mc_w.l(entry10a.o)
    0x00000294   0x00000000   Code   RO          224    .ARM.Collect$$$$0000000F  mc_w.l(entry11a.o)
    0x00000294   0x00000004   Code   RO          213    .ARM.Collect$$$$00002712  mc_w.l(entry2.o)
    0x00000298   0x00000024   Code   RO          226    .text               mc_w.l(init.o)
    0x000002bc   0x000000c8   Code   RO            1    i.ConfigUART0       comunicaciones.o
    0x00000384   0x000000f8   Code   RO            2    i.ConfigUART2       comunicaciones.o
    0x0000047c   0x0000003a   Code   RO            3    i.ConfiguraSysTick  comunicaciones.o
    0x000004b6   0x00000002   PAD
    0x000004b8   0x00000018   Code   RO          113    i.Nokia5110_ClearBuffer  nokia5110.o
    0x000004d0   0x00000022   Code   RO          115    i.Nokia5110_DrawFullImage  nokia5110.o
    0x000004f2   0x00000002   PAD
    0x000004f4   0x00000180   Code   RO          116    i.Nokia5110_Init    nokia5110.o
    0x00000674   0x00000030   Code   RO          122    i.Nokia5110_SetCursor  nokia5110.o
    0x000006a4   0x00000018   Code   RO            4    i.RxCarBLUETOOH     comunicaciones.o
    0x000006bc   0x00000024   Code   RO            6    i.SysTick_Handler   comunicaciones.o
    0x000006e0   0x0000000e   Code   RO          230    i.__scatterload_copy  mc_w.l(handlers.o)
    0x000006ee   0x00000002   Code   RO          231    i.__scatterload_null  mc_w.l(handlers.o)
    0x000006f0   0x0000000e   Code   RO          232    i.__scatterload_zeroinit  mc_w.l(handlers.o)
    0x000006fe   0x00000002   PAD
    0x00000700   0x00000054   Code   RO            9    i.config_portF      comunicaciones.o
    0x00000754   0x0000004c   Code   RO          124    i.lcdwrite          nokia5110.o
    0x000007a0   0x0000007c   Code   RO           12    i.main              comunicaciones.o
    0x0000081c   0x00000bb8   Data   RO           16    .constdata          comunicaciones.o
    0x000013d4   0x00000020   Data   RO          228    Region$$Table       anon$$obj.o


    Execution Region ER_RW (Base: 0x20000000, Size: 0x00000008, Max: 0xffffffff, ABSOLUTE)

    Base Addr    Size         Type   Attr      Idx    E Section Name        Object

    0x20000000   0x00000007   Data   RW           17    .data               comunicaciones.o


    Execution Region ER_ZI (Base: 0x20000008, Size: 0x000005f8, Max: 0xffffffff, ABSOLUTE)

    Base Addr    Size         Type   Attr      Idx    E Section Name        Object

    0x20000008   0x000001f8   Zero   RW          125    .bss                nokia5110.o
    0x20000200   0x00000400   Zero   RW          199    STACK               startup.o


==============================================================================

Image component sizes


      Code (inc. data)   RO Data    RW Data    ZI Data      Debug   Object Name

       774        104       3000          7          0       8053   comunicaciones.o
       566         68          0          0        504       4182   nokia5110.o
       644        620          0          0       1024        676   startup.o

    ----------------------------------------------------------------------
      1988        792       3032          8       1528      12911   Object Totals
         0          0         32          0          0          0   (incl. Generated)
         4          0          0          1          0          0   (incl. Padding)

    ----------------------------------------------------------------------

      Code (inc. data)   RO Data    RW Data    ZI Data      Debug   Library Member Name

         0          0          0          0          0          0   entry.o
         0          0          0          0          0          0   entry10a.o
         0          0          0          0          0          0   entry11a.o
         8          4          0          0          0          0   entry2.o
         4          0          0          0          0          0   entry5.o
         0          0          0          0          0          0   entry7b.o
         0          0          0          0          0          0   entry8b.o
         8          4          0          0          0          0   entry9a.o
        30          0          0          0          0          0   handlers.o
        36          8          0          0          0         68   init.o

    ----------------------------------------------------------------------
        88         16          0          0          0         68   Library Totals
         2          0          0          0          0          0   (incl. Padding)

    ----------------------------------------------------------------------

      Code (inc. data)   RO Data    RW Data    ZI Data      Debug   Library Name

        86         16          0          0          0         68   mc_w.l

    ----------------------------------------------------------------------
        88         16          0          0          0         68   Library Totals

    ----------------------------------------------------------------------

==============================================================================


      Code (inc. data)   RO Data    RW Data    ZI Data      Debug   

      2076        808       3032          8       1528      12511   Grand Totals
      2076        808       3032          8       1528      12511   ELF Image Totals
      2076        808       3032          8          0          0   ROM Totals

==============================================================================

    Total RO  Size (Code + RO Data)                 5108 (   4.99kB)
    Total RW  Size (RW Data + ZI Data)              1536 (   1.50kB)
    Total ROM Size (Code + RO Data + RW Data)       5116 (   5.00kB)

==============================================================================

